// Jest Snapshot v1, https://goo.gl/fbAQLP

exports[`App renders app correctly 1`] = `
<DocumentFragment>
  <div
    class="App"
  >
    <div
      class="navbar"
    >
      <img
        alt="home_image"
        src="home.png"
      />
      <ul
        class="navbar-links"
      >
        <li
          class="narbar-links-item"
        >
          <a
            class="narbar-links__text"
            href="/"
          >
            View Properties
          </a>
        </li>
        <li
          class="narbar-links-item"
        >
          <a
            class="narbar-links__text"
            href="/add_property"
          >
            Add Properties
          </a>
        </li>
      </ul>
    </div>
    <div
      class="property_header"
    >
      <div
        class="property_container"
      >
        <div
          class="sidebar"
        >
          <div
            class="sidebar"
          >
            <div
              class="sidebar-header"
            >
              <h3>
                Filter by City
              </h3>
            </div>
            <div
              class="sidebar_city"
            >
              <ul>
                <li>
                  <a
                    href="/?query={\\"city\\": \\"Manchester\\"}"
                  >
                    Manchester
                  </a>
                </li>
              </ul>
              <ul>
                <li>
                  <a
                    href="/?query={\\"city\\": \\"Leeds\\"}"
                  >
                    Leeds
                  </a>
                </li>
              </ul>
              <ul>
                <li>
                  <a
                    href="/?query={\\"city\\": \\"Sheffield\\"}"
                  >
                    Sheffield
                  </a>
                </li>
              </ul>
              <ul>
                <li>
                  <a
                    href="/?query={\\"city\\": \\"Liverpool\\"}"
                  >
                    Liverpool
                  </a>
                </li>
              </ul>
            </div>
          </div>
        </div>
        <div
          class="properties"
        />
      </div>
    </div>
  </div>
</DocumentFragment>
`;
